00:00 +0: loading C:/Users/lisdp/workspace/kaiyuanguji/test/core/tools/collation_test.dart
00:00 +0 -1: loading C:/Users/lisdp/workspace/kaiyuanguji/test/core/tools/collation_test.dart [E]
  Failed to load "C:/Users/lisdp/workspace/kaiyuanguji/test/core/tools/collation_test.dart": Does not exist.
00:00 +0 -1: Some tests failed.
